------------------------------------------------------------
TimeQuest Timing Analyzer Summary
------------------------------------------------------------

Type  : Slow 1200mV 85C Model Setup 'clk'
Slack : -4.819
TNS   : -183.110

Type  : Slow 1200mV 85C Model Setup 'CLK_50MHZ'
Slack : -0.911
TNS   : -0.911

Type  : Slow 1200mV 85C Model Hold 'clk'
Slack : 0.433
TNS   : 0.000

Type  : Slow 1200mV 85C Model Hold 'CLK_50MHZ'
Slack : 0.703
TNS   : 0.000

Type  : Slow 1200mV 85C Model Minimum Pulse Width 'CLK_50MHZ'
Slack : -3.000
TNS   : -4.487

Type  : Slow 1200mV 85C Model Minimum Pulse Width 'clk'
Slack : -1.487
TNS   : -93.681

Type  : Slow 1200mV 0C Model Setup 'clk'
Slack : -4.285
TNS   : -166.432

Type  : Slow 1200mV 0C Model Setup 'CLK_50MHZ'
Slack : -0.807
TNS   : -0.807

Type  : Slow 1200mV 0C Model Hold 'clk'
Slack : 0.383
TNS   : 0.000

Type  : Slow 1200mV 0C Model Hold 'CLK_50MHZ'
Slack : 0.642
TNS   : 0.000

Type  : Slow 1200mV 0C Model Minimum Pulse Width 'CLK_50MHZ'
Slack : -3.000
TNS   : -4.487

Type  : Slow 1200mV 0C Model Minimum Pulse Width 'clk'
Slack : -1.487
TNS   : -93.681

Type  : Fast 1200mV 0C Model Setup 'clk'
Slack : -1.475
TNS   : -43.490

Type  : Fast 1200mV 0C Model Setup 'CLK_50MHZ'
Slack : -0.047
TNS   : -0.047

Type  : Fast 1200mV 0C Model Hold 'clk'
Slack : 0.178
TNS   : 0.000

Type  : Fast 1200mV 0C Model Hold 'CLK_50MHZ'
Slack : 0.234
TNS   : 0.000

Type  : Fast 1200mV 0C Model Minimum Pulse Width 'CLK_50MHZ'
Slack : -3.000
TNS   : -4.047

Type  : Fast 1200mV 0C Model Minimum Pulse Width 'clk'
Slack : -1.000
TNS   : -63.000

------------------------------------------------------------
